// Jest Snapshot v1, https://jestjs.io/docs/snapshot-testing

exports[`OktaRedirectLoginScreenBase renders the footer: Footer 1`] = `
{
  "$$typeof": Symbol(react.transitional.element),
  "_owner": null,
  "_store": {},
  "key": null,
  "props": {
    "children": "Footer",
  },
  "type": [Function],
}
`;
