// Jest Snapshot v1, https://jestjs.io/docs/snapshot-testing

exports[`IconSwitch component should render disabled switch 1`] = `null`;

exports[`IconSwitch component should render disabled switch with icon 1`] = `null`;

exports[`IconSwitch component should render disabled switch with turned on state 1`] = `null`;

exports[`IconSwitch component should render disabled switch with turned on state and icon 1`] = `null`;

exports[`IconSwitch component should render icon switch 1`] = `null`;

exports[`IconSwitch component should render with default props 1`] = `null`;

exports[`IconSwitch component should render with turned on state 1`] = `null`;

exports[`IconSwitch component should render with turned on state and icon 1`] = `null`;
