// Jest Snapshot v1, https://jestjs.io/docs/snapshot-testing

exports[`ListItemTag Accepts style override 1`] = `[Function]`;

exports[`ListItemTag ListItemTag Renders 1`] = `null`;

exports[`ListItemTag Renders the background color and font color correctly 1`] = `[Function]`;
